// Jest Snapshot v1, https://goo.gl/fbAQLP

exports[`<Counter/> Snapshot Test renders correctly 1`] = `
<div>
  <h4
    className="count"
  >
    0
  </h4>
  <span
    className="increment"
    href="#"
    onClick={[Function]}
  >
    Going up
  </span>
  <span
    className="decrement"
    href="#"
    onClick={[Function]}
  >
    Going down
  </span>
</div>
`;
